******************************************************************************
                  TI ARM Linker PC v20.2.5                     
******************************************************************************
>> Linked Thu Jun  8 14:23:24 2023

OUTPUT FILE NAME:   <SSL_REST_API_AWS.out>
ENTRY POINT SYMBOL: "_c_int00_noargs"  address: 2000fbbd


MEMORY CONFIGURATION

         name            origin    length      used     unused   attr    fill
----------------------  --------  ---------  --------  --------  ----  --------
  SRAM_CODE             20004000   00013000  0000cf46  000060ba  RW X
  SRAM_DATA             20017000   00019000  0000992a  0000f6d6  RW X


SEGMENT ALLOCATION MAP

run origin  load origin   length   init length attrs members
----------  ----------- ---------- ----------- ----- -------
20004000    20004000    0000cf48   0000cf48    r-x
  20004000    20004000    00000400   00000400    r-- .intvecs
  20004400    20004400    0000bf56   0000bf56    r-x .text
  20010358    20010358    00000b20   00000b20    r-- .const
  20010e78    20010e78    000000d0   000000d0    r-- .cinit
20017000    20017000    0000892c   00000000    rw-
  20017000    20017000    00008000   00000000    rw- .sysmem
  2001f000    2001f000    00000642   00000000    rw- .bss
  2001f644    2001f644    000002e8   00000000    rw- .data
2002f000    2002f000    00001000   00000000    rw-
  2002f000    2002f000    00001000   00000000    rw- .stack


SECTION ALLOCATION MAP

 output                                  attributes/
section   page    origin      length       input sections
--------  ----  ----------  ----------   ----------------
.intvecs   0    20004000    00000400     
                  20004000    00000400     startup_ccs.obj (.intvecs)

.init_array 
*          0    20004000    00000000     UNINITIALIZED

.text      0    20004400    0000bf56     
                  20004400    00001e78     main.obj (.text)
                  20006278    00000a80     Adafruit_GFX.obj (.text)
                  20006cf8    00000a4e     rtsv7M4_T_le_eabi.lib : _printfi.c.obj (.text:__TI_printfi)
                  20007746    00000002     driverlib.a : interrupt.obj (.text:IntDefaultHandler)
                  20007748    00000812     test.obj (.text)
                  20007f5a    00000002     rtsv7M4_T_le_eabi.lib : _lock.c.obj (.text:_nop)
                  20007f5c    00000590     simplelink.a : driver.obj (.text:_SlDrvMsgRead)
                  200084ec    000004aa     Adafruit_OLED.obj (.text)
                  20008996    00000002     rtsv7M4_T_le_eabi.lib : div0.asm.obj (.text)
                  20008998    00000398     gpio_if.obj (.text)
                  20008d30    000002a0     i2c_if.obj (.text)
                  20008fd0    00000280     simplelink.a : wlan.obj (.text:sl_WlanConnect)
                  20009250    0000027c     uart_if.obj (.text)
                  200094cc    00000268     rtsv7M4_T_le_eabi.lib : _printfi.c.obj (.text:_pconv_a)
                  20009734    00000248     simplelink.a : driver.obj (.text:_SlDrvRxHdrRead)
                  2000997c    000001e4                  : driver.obj (.text:_SlDrvDataReadOp)
                  20009b60    000001d0                  : driver.obj (.text:_SlDrvReleasePoolObj)
                  20009d30    000001cc     rtsv7M4_T_le_eabi.lib : _printfi.c.obj (.text:_pconv_g)
                  20009efc    000001b6                           : fd_add_t2.asm.obj (.text)
                  2000a0b2    00000002     --HOLE-- [fill = 0]
                  2000a0b4    000001b4     simplelink.a : driver.obj (.text:_SlDrvDriverCBInit)
                  2000a268    0000019c                  : driver.obj (.text:_SlDrvMsgWrite)
                  2000a404    00000190                  : driver.obj (.text:_SlDrvWaitForPoolObj)
                  2000a594    0000018c                  : socket.obj (.text:sl_Connect)
                  2000a720    00000178     driverlib.a : prcm.obj (.text:PRCMCC3200MCUInit)
                  2000a898    00000170     simplelink.a : driver.obj (.text:_SlFindAndSetActiveObj)
                  2000aa08    00000154     pin_mux_config.obj (.text)
                  2000ab5c    00000150     simplelink.a : driver.obj (.text:_SlDrvDataWriteOp)
                  2000acac    00000148                  : cc_pal.obj (.text:spi_Open)
                  2000adf4    00000144                  : driver.obj (.text:_SlDrvMsgReadCmdCtx)
                  2000af38    00000144                  : netapp.obj (.text:sl_NetAppDnsGetHostByName)
                  2000b07c    0000013c     rtsv7M4_T_le_eabi.lib : _printfi.c.obj (.text:_pconv_e)
                  2000b1b8    00000136                           : fd_div_t2.asm.obj (.text)
                  2000b2ee    00000002     --HOLE-- [fill = 0]
                  2000b2f0    00000134     simplelink.a : socket.obj (.text:sl_Send)
                  2000b424    00000130                  : driver.obj (.text:_SlDrvDriverCBDeinit)
                  2000b554    00000120     rtsv7M4_T_le_eabi.lib : _printfi.c.obj (.text:fcvt)
                  2000b674    00000114                           : fputs.c.obj (.text:fputs)
                  2000b788    00000104     simplelink.a : netapp.obj (.text:_SlDrvNetAppEventHandler)
                  2000b88c    00000100     rtsv7M4_T_le_eabi.lib : memory.c.obj (.text:aligned_alloc)
                  2000b98c    000000fc                           : fd_mul_t2.asm.obj (.text)
                  2000ba88    000000fa     timer_if.obj (.text)
                  2000bb82    00000002     --HOLE-- [fill = 0]
                  2000bb84    000000f0     simplelink.a : device.obj (.text:sl_Stop)
                  2000bc74    000000f0                  : cc_pal.obj (.text:spi_Read)
                  2000bd64    000000f0     driverlib.a : udma.obj (.text:uDMAChannelTransferSet)
                  2000be54    000000ec     simplelink.a : device.obj (.text:sl_Start)
                  2000bf40    000000e8                  : driver.obj (.text:_SlAsyncEventGenericHandler)
                  2000c028    000000e8                  : driver.obj (.text:_SlDrvMsgReadSpawnCtx)
                  2000c110    000000e4     rtsv7M4_T_le_eabi.lib : memory.c.obj (.text:free)
                  2000c1f4    000000e4                           : memory.c.obj (.text:realloc)
                  2000c2d8    000000e4     simplelink.a : netapp.obj (.text:sl_NetAppMDNSRegisterUnregisterService)
                  2000c3bc    000000dc                  : driver.obj (.text:_SlDrvClassifyRxMsg)
                  2000c498    000000dc     rtsv7M4_T_le_eabi.lib : setvbuf.c.obj (.text:setvbuf)
                  2000c574    000000d0                           : s_scalbn.c.obj (.text:scalbn)
                  2000c644    000000cc     simplelink.a : netapp.obj (.text:_sl_HandleAsync_DnsGetHostByService)
                  2000c710    000000cc                  : device.obj (.text:sl_DevGet)
                  2000c7dc    000000c4                  : driver.obj (.text:_SlRemoveFromList)
                  2000c8a0    000000c0                  : driver.obj (.text:_SlDrvCmdOp)
                  2000c960    000000b1     rtsv7M4_T_le_eabi.lib : _printfi.c.obj (.text:_ltostr)
                  2000ca11    00000003     --HOLE-- [fill = 0]
                  2000ca14    000000b0     simplelink.a : nonos.obj (.text:_SlNonOsSemGet)
                  2000cac4    000000a8     driverlib.a : interrupt.obj (.text:IntDisable)
                  2000cb6c    000000a8                 : interrupt.obj (.text:IntEnable)
                  2000cc14    000000a4     simplelink.a : driver.obj (.text:_SlDriverHandleError)
                  2000ccb8    000000a0     driverlib.a : spi.obj (.text:SPIConfigSetExpClk)
                  2000cd58    000000a0     simplelink.a : socket.obj (.text:sl_Recv)
                  2000cdf8    0000009c     rtsv7M4_T_le_eabi.lib : memcpy_t2.asm.obj (.text)
                  2000ce94    0000009a     simplelink.a : device.obj (.text:_SlDrvDeviceEventHandler)
                  2000cf2e    00000002     --HOLE-- [fill = 0]
                  2000cf30    00000098                  : device.obj (.text:sl_DevSet)
                  2000cfc8    00000098                  : netcfg.obj (.text:sl_NetCfgSet)
                  2000d060    00000098                  : socket.obj (.text:sl_SetSockOpt)
                  2000d0f8    00000098                  : wlan.obj (.text:sl_WlanSet)
                  2000d190    00000098                  : cc_pal.obj (.text:spi_Write)
                  2000d228    00000096     rtsv7M4_T_le_eabi.lib : ull_div_t2.asm.obj (.text)
                  2000d2be    00000002     --HOLE-- [fill = 0]
                  2000d2c0    00000094     driverlib.a : prcm.obj (.text:PRCMPeripheralClockGet)
                  2000d354    00000090     simplelink.a : netapp.obj (.text:_sl_HandleAsync_DnsGetHostByName)
                  2000d3e4    00000090                  : netapp.obj (.text:_sl_HandleAsync_PingResponse)
                  2000d474    00000090                  : wlan.obj (.text:sl_WlanPolicySet)
                  2000d504    0000008c                  : cc_pal.obj (.text:SetupDMAReceive)
                  2000d590    0000008c                  : cc_pal.obj (.text:SetupDMASend)
                  2000d61c    0000008c                  : driver.obj (.text:_SlDrvIsTimeoutExpired)
                  2000d6a8    0000008c                  : device.obj (.text:_sl_HandleAsync_InitComplete)
                  2000d734    0000008c     rtsv7M4_T_le_eabi.lib : fputc.c.obj (.text:fputc)
                  2000d7c0    0000008c     simplelink.a : socket.obj (.text:sl_Socket)
                  2000d84c    00000088     driverlib.a : pin.obj (.text:PinConfigSet)
                  2000d8d4    00000086     rtsv7M4_T_le_eabi.lib : fd_cmp_t2.asm.obj (.text:__aeabi_cdcmple)
                  2000d95a    00000086                           : fd_cmp_t2.asm.obj (.text:__aeabi_cdrcmple)
                  2000d9e0    00000084     driverlib.a : i2c.obj (.text:I2CMasterInitExpClk)
                  2000da64    00000084     simplelink.a : wlan.obj (.text:sl_WlanRxFilterSet)
                  2000dae8    00000082     driverlib.a : gpio.obj (.text:GPIOIntTypeSet)
                  2000db6a    00000002     --HOLE-- [fill = 0]
                  2000db6c    00000080     simplelink.a : socket.obj (.text:_sl_HandleAsync_Connect)
                  2000dbec    00000080                  : cc_pal.obj (.text:spi_Read_CPU)
                  2000dc6c    00000080                  : cc_pal.obj (.text:spi_Write_CPU)
                  2000dcec    0000007a     rtsv7M4_T_le_eabi.lib : memset_t2.asm.obj (.text)
                  2000dd66    00000002     --HOLE-- [fill = 0]
                  2000dd68    00000078     simplelink.a : cc_pal.obj (.text:spi_Close)
                  2000dde0    00000076     driverlib.a : uart.obj (.text:UARTConfigSetExpClk)
                  2000de56    00000002     --HOLE-- [fill = 0]
                  2000de58    00000074     simplelink.a : nonos.obj (.text:_SlNonOsMainLoopTask)
                  2000decc    00000074     rtsv7M4_T_le_eabi.lib : fclose.c.obj (.text:__TI_closefile)
                  2000df40    00000070     driverlib.a : timer.obj (.text:TimerIntRegister)
                  2000dfb0    00000070     rtsv7M4_T_le_eabi.lib : memory.c.obj (.text:split)
                  2000e020    0000006e                           : _printfi.c.obj (.text:_mcpy)
                  2000e08e    00000002     --HOLE-- [fill = 0]
                  2000e090    0000006c                           : hostrename.c.obj (.text:HOSTrename)
                  2000e0fc    0000006c     simplelink.a : driver.obj (.text:_SlDrvCmdSend)
                  2000e168    0000006c                  : netapp.obj (.text:_sl_NetAppSendTokenValue)
                  2000e1d4    00000068     rtsv7M4_T_le_eabi.lib : hostlseek.c.obj (.text:HOSTlseek)
                  2000e23c    00000068     driverlib.a : timer.obj (.text:TimerIntUnregister)
                  2000e2a4    00000068     rtsv7M4_T_le_eabi.lib : copy_decompress_lzss.c.obj (.text:decompress:lzss:__TI_decompress_lzss)
                  2000e30c    00000068                           : printf.c.obj (.text:printf)
                  2000e374    00000064     simplelink.a : nonos.obj (.text:_SlNonOsSpawn)
                  2000e3d8    00000064                  : socket.obj (.text:_sl_HandleAsync_Accept)
                  2000e43c    00000064     rtsv7M4_T_le_eabi.lib : fseek.c.obj (.text:fseek)
                  2000e4a0    00000064     simplelink.a : netapp.obj (.text:sl_NetAppMDNSUnRegisterService)
                  2000e504    00000064     driverlib.a : udma.obj (.text:uDMAChannelAttributeDisable)
                  2000e568    00000064                 : udma.obj (.text:uDMAChannelAttributeEnable)
                  2000e5cc    00000062     rtsv7M4_T_le_eabi.lib : _io_perm.c.obj (.text:__TI_wrt_ok)
                  2000e62e    00000002     --HOLE-- [fill = 0]
                  2000e630    00000060                           : hostopen.c.obj (.text:HOSTopen)
                  2000e690    00000060     simplelink.a : socket.obj (.text:sl_Close)
                  2000e6f0    00000060                  : wlan.obj (.text:sl_WlanProfileDel)
                  2000e750    00000060                  : wlan.obj (.text:sl_WlanSetMode)
                  2000e7b0    0000005c     rtsv7M4_T_le_eabi.lib : close.c.obj (.text:close)
                  2000e80c    0000005c                           : s_frexp.c.obj (.text:frexp)
                  2000e868    00000058                           : hostread.c.obj (.text:HOSTread)
                  2000e8c0    00000058                           : hostwrite.c.obj (.text:HOSTwrite)
                  2000e918    00000058     driverlib.a : interrupt.obj (.text:IntPendClear)
                  2000e970    00000058                 : prcm.obj (.text:PRCMPeripheralReset)
                  2000e9c8    00000056     rtsv7M4_T_le_eabi.lib : _printfi.c.obj (.text:_pconv_f)
                  2000ea1e    00000002     --HOLE-- [fill = 0]
                  2000ea20    00000054     driverlib.a : interrupt.obj (.text:IntPrioritySet)
                  2000ea74    00000054     simplelink.a : driver.obj (.text:_SlDrvRxIrqHandler)
                  2000eac8    00000054     rtsv7M4_T_le_eabi.lib : _ltoa.c.obj (.text:__TI_ltoa)
                  2000eb1c    00000054     simplelink.a : socket.obj (.text:_sl_HandleAsync_Select)
                  2000eb70    00000052     rtsv7M4_T_le_eabi.lib : _printfi.c.obj (.text:_ecpy)
                  2000ebc2    00000002     --HOLE-- [fill = 0]
                  2000ebc4    00000050     simplelink.a : device.obj (.text:_sl_HandleAsync_Stop)
                  2000ec14    0000004c     driverlib.a : spi.obj (.text:SPIIntEnable)
                  2000ec60    0000004c                 : spi.obj (.text:SPIIntNumberGet)
                  2000ecac    0000004c     simplelink.a : driver.obj (.text:_SlDrvProtectAsyncRespSetting)
                  2000ecf8    0000004c     rtsv7M4_T_le_eabi.lib : fflush.c.obj (.text:__TI_doflush)
                  2000ed44    0000004c     simplelink.a : socket.obj (.text:_sl_BuildAddress)
                  2000ed90    0000004c     rtsv7M4_T_le_eabi.lib : atoi.c.obj (.text:atoi)
                  2000eddc    0000004c     driverlib.a : udma.obj (.text:uDMAChannelAssign)
                  2000ee28    00000048                 : gpio.obj (.text:GPIOGetIntNumber)
                  2000ee70    00000048                 : spi.obj (.text:SPIIntClear)
                  2000eeb8    00000048     simplelink.a : driver.obj (.text:_SlDrvBasicCmd)
                  2000ef00    00000048     rtsv7M4_T_le_eabi.lib : exit.c.obj (.text:exit)
                  2000ef48    00000048                           : fd_toi_t2.asm.obj (.text)
                  2000ef90    00000044                           : hostclose.c.obj (.text:HOSTclose)
                  2000efd4    00000044                           : hostunlink.c.obj (.text:HOSTunlink)
                  2000f018    00000044     driverlib.a : spi.obj (.text:SPIDmaMaskGet)
                  2000f05c    00000044                 : timer.obj (.text:TimerConfigure)
                  2000f0a0    00000044     simplelink.a : driver.obj (.text:_SlDrvHandleHttpServerEvents)
                  2000f0e4    00000044                  : driver.obj (.text:_SlDrvSyncObjWaitTimeout)
                  2000f128    00000044     rtsv7M4_T_le_eabi.lib : autoinit.c.obj (.text:__TI_auto_init_nobinit_nopinit:__TI_auto_init_nobinit_nopinit)
                  2000f16c    00000044     simplelink.a : cc_pal.obj (.text:cc_SetupTransfer)
                  2000f1b0    00000044     rtsv7M4_T_le_eabi.lib : getdevice.c.obj (.text:getdevice)
                  2000f1f4    00000042     simplelink.a : socket.obj (.text:sl_Htonl)
                  2000f236    00000002     --HOLE-- [fill = 0]
                  2000f238    00000040     driverlib.a : pin.obj (.text:PinModeSet)
                  2000f278    00000040     simplelink.a : driver.obj (.text:_SlDrvHandleNetAppEvents)
                  2000f2b8    00000040                  : driver.obj (.text:_SlDrvHandleWlanEvents)
                  2000f2f8    00000040                  : socket.obj (.text:_sl_TruncatePayloadByProtocol)
                  2000f338    00000040     rtsv7M4_T_le_eabi.lib : sprintf.c.obj (.text:sprintf)
                  2000f378    00000040                           : vsnprintf.c.obj (.text:vsnprintf)
                  2000f3b8    0000003e     simplelink.a : cc_pal.obj (.text:NwpRegisterInterruptHandler)
                  2000f3f6    0000003e     rtsv7M4_T_le_eabi.lib : _printfi.c.obj (.text:_fcpy)
                  2000f434    0000003c     simplelink.a : netapp.obj (.text:CopyPingResultsToReport)
                  2000f470    0000003c     driverlib.a : prcm.obj (.text:PRCMPeripheralClkEnable)
                  2000f4ac    0000003c     simplelink.a : cc_pal.obj (.text:simplelink_timerA2_start)
                  2000f4e8    0000003c                  : socket.obj (.text:sl_Htons)
                  2000f524    0000003c     driverlib.a : udma.obj (.text:uDMAChannelControlSet)
                  2000f560    00000038     simplelink.a : cc_pal.obj (.text:NwpPowerOff)
                  2000f598    00000038     rtsv7M4_T_le_eabi.lib : trgmsg.c.obj (.text:__TI_writemsg)
                  2000f5d0    00000038     simplelink.a : wlan.obj (.text:sl_WlanDisconnect)
                  2000f608    00000036     driverlib.a : gpio.obj (.text:GPIODirModeSet)
                  2000f63e    00000036     rtsv7M4_T_le_eabi.lib : strncpy.c.obj (.text:strncpy)
                  2000f674    00000034     driverlib.a : prcm.obj (.text:PRCMPeripheralStatusGet)
                  2000f6a8    00000034                 : spi.obj (.text:SPIFIFOLevelSet)
                  2000f6dc    00000034     rtsv7M4_T_le_eabi.lib : fopen.c.obj (.text:__TI_cleanup)
                  2000f710    00000034                           : trgmsg.c.obj (.text:__TI_readmsg)
                  2000f744    00000034                           : rand.c.obj (.text:rand)
                  2000f778    00000030     driverlib.a : pin.obj (.text:PinTypeGPIO)
                  2000f7a8    00000030                 : uart.obj (.text:UARTDisable)
                  2000f7d8    00000030     rtsv7M4_T_le_eabi.lib : vsnprintf.c.obj (.text:_outs)
                  2000f808    00000030                           : getdevice.c.obj (.text:finddevice)
                  2000f838    0000002e                           : i_tofd_t2.asm.obj (.text)
                  2000f866    0000002c     driverlib.a : i2c.obj (.text:I2CMasterErr)
                  2000f892    00000002     --HOLE-- [fill = 0]
                  2000f894    0000002c     simplelink.a : cc_pal.obj (.text:NwpPowerOn)
                  2000f8c0    0000002c     driverlib.a : prcm.obj (.text:PRCMSysResetCauseGet)
                  2000f8ec    0000002c     simplelink.a : driver.obj (.text:_SlDrvObjGlobalLockWaitForever)
                  2000f918    0000002c                  : driver.obj (.text:_SlDrvProtectionObjLockWaitForever)
                  2000f944    0000002c     rtsv7M4_T_le_eabi.lib : unlink.c.obj (.text:unlink)
                  2000f970    0000002a     driverlib.a : timer.obj (.text:TimerLoadSet)
                  2000f99a    0000002a                 : timer.obj (.text:TimerPrescaleSet)
                  2000f9c4    00000028                 : prcm.obj (.text:PRCMPeripheralClkDisable)
                  2000f9ec    00000028     simplelink.a : driver.obj (.text:_SlDrvGlobalObjUnLock)
                  2000fa14    00000028                  : driver.obj (.text:_SlDrvProtectionObjUnLock)
                  2000fa3c    00000028                  : driver.obj (.text:_SlDrvSyncObjWaitForever)
                  2000fa64    00000028     rtsv7M4_T_le_eabi.lib : memory.c.obj (.text:free_list_insert)
                  2000fa8c    00000028                           : lseek.c.obj (.text:lseek)
                  2000fab4    00000028                           : memmov.c.obj (.text:memmove)
                  2000fadc    00000028                           : write.c.obj (.text:write)
                  2000fb04    00000026     simplelink.a : driver.obj (.text:_SlDrvObjLockWaitForever)
                  2000fb2a    00000026     network_common.obj (.text)
                  2000fb50    00000024     simplelink.a : cc_pal.obj (.text:DmaSpiSwIntHandler)
                  2000fb74    00000024     driverlib.a : interrupt.obj (.text:IntUnregister)
                  2000fb98    00000024                 : uart.obj (.text:UARTEnable)
                  2000fbbc    00000024     rtsv7M4_T_le_eabi.lib : boot_cortex_m.c.obj (.text:_c_int00_noargs:_c_int00_noargs)
                  2000fbe0    00000022     driverlib.a : gpio.obj (.text:GPIOIntStatus)
                  2000fc02    00000022                 : i2c.obj (.text:I2CMasterSlaveAddrSet)
                  2000fc24    00000022                 : spi.obj (.text:SPIReset)
                  2000fc46    00000022                 : spi.obj (.text:SPIWordCountSet)
                  2000fc68    00000020                 : gpio.obj (.text:GPIOPinWrite)
                  2000fc88    00000020                 : interrupt.obj (.text:IntRegister)
                  2000fca8    00000020     simplelink.a : cc_pal.obj (.text:NwpPrePowerOffTimout0)
                  2000fcc8    00000020     driverlib.a : spi.obj (.text:SPIDataGet)
                  2000fce8    00000020     simplelink.a : cc_pal.obj (.text:TimerGetCurrentTimestamp)
                  2000fd08    00000020                  : driver.obj (.text:_SlDrvObjUnLock)
                  2000fd28    00000020                  : driver.obj (.text:_SlDrvSyncObjSignal)
                  2000fd48    00000020     rtsv7M4_T_le_eabi.lib : memchr.c.obj (.text:memchr)
                  2000fd68    0000001e     driverlib.a : gpio.obj (.text:GPIOIntRegister)
                  2000fd86    0000001e                 : i2c.obj (.text:I2CMasterIntStatusEx)
                  2000fda4    0000001e                 : spi.obj (.text:SPIDataPut)
                  2000fdc2    0000001e                 : timer.obj (.text:TimerDisable)
                  2000fde0    0000001e                 : timer.obj (.text:TimerEnable)
                  2000fdfe    0000001e                 : timer.obj (.text:TimerIntStatus)
                  2000fe1c    0000001e                 : uart.obj (.text:UARTCharPut)
                  2000fe3a    0000001e     simplelink.a : cc_pal.obj (.text:cc_UDMAChannelSelect)
                  2000fe58    0000001e     rtsv7M4_T_le_eabi.lib : strcat.c.obj (.text:strcat)
                  2000fe76    0000001c     driverlib.a : pin.obj (.text:PinTypeI2C)
                  2000fe92    0000001c                 : timer.obj (.text:TimerValueGet)
                  2000feae    0000001c                 : uart.obj (.text:UARTCharGetNonBlocking)
                  2000feca    0000001c     simplelink.a : driver.obj (.text:_SlDrvStartMeasureTimeout)
                  2000fee6    00000002     --HOLE-- [fill = 0]
                  2000fee8    0000001c     rtsv7M4_T_le_eabi.lib : memory.c.obj (.text:free_list_remove)
                  2000ff04    0000001c                           : memccpy.c.obj (.text:memccpy)
                  2000ff20    0000001c     driverlib.a : udma.obj (.text:uDMAChannelEnable)
                  2000ff3c    0000001a                 : gpio.obj (.text:GPIOIntEnable)
                  2000ff56    0000001a                 : pin.obj (.text:PinTypeSPI)
                  2000ff70    0000001a                 : pin.obj (.text:PinTypeUART)
                  2000ff8a    0000001a                 : spi.obj (.text:SPIDmaDisable)
                  2000ffa4    0000001a                 : spi.obj (.text:SPIDmaEnable)
                  2000ffbe    0000001a                 : spi.obj (.text:SPIFIFODisable)
                  2000ffd8    0000001a                 : spi.obj (.text:SPIFIFOEnable)
                  2000fff2    0000001a                 : spi.obj (.text:SPIIntUnregister)
                  2001000c    00000018                 : gpio.obj (.text:GPIOPinRead)
                  20010024    00000018                 : i2c.obj (.text:I2CMasterIntEnableEx)
                  2001003c    00000018                 : spi.obj (.text:SPICSDisable)
                  20010054    00000018                 : spi.obj (.text:SPICSEnable)
                  2001006c    00000018                 : spi.obj (.text:SPIDisable)
                  20010084    00000018                 : spi.obj (.text:SPIEnable)
                  2001009c    00000018                 : timer.obj (.text:TimerIntDisable)
                  200100b4    00000018                 : timer.obj (.text:TimerIntEnable)
                  200100cc    00000018                 : uart.obj (.text:UARTCharsAvail)
                  200100e4    00000018     simplelink.a : nonos.obj (.text:_SlNonOsSemSet)
                  200100fc    00000018     rtsv7M4_T_le_eabi.lib : vsnprintf.c.obj (.text:_outc)
                  20010114    00000018                           : sprintf.c.obj (.text:_outs)
                  2001012c    00000018     simplelink.a : device.obj (.text:_sl_GetStartResponseConvert)
                  20010144    00000018     rtsv7M4_T_le_eabi.lib : strcmp.c.obj (.text:strcmp)
                  2001015c    00000016     driverlib.a : i2c.obj (.text:I2CMasterDataPut)
                  20010172    00000016                 : i2c.obj (.text:I2CMasterEnable)
                  20010188    00000016                 : i2c.obj (.text:I2CMasterIntClear)
                  2001019e    00000016                 : prcm.obj (.text:PRCMHIBRegRead)
                  200101b4    00000016                 : prcm.obj (.text:PRCMHIBRegWrite)
                  200101ca    00000016     simplelink.a : driver.obj (.text:_SlDrvMemZero)
                  200101e0    00000016     rtsv7M4_T_le_eabi.lib : strchr.c.obj (.text:strchr)
                  200101f6    00000014     driverlib.a : cpu.obj (.text:CPUcpsie)
                  2001020a    00000014                 : gpio.obj (.text:GPIOIntClear)
                  2001021e    00000002     --HOLE-- [fill = 0]
                  20010220    00000014                 : interrupt.obj (.text:IntVTableBaseSet)
                  20010234    00000014     rtsv7M4_T_le_eabi.lib : strcpy.c.obj (.text:strcpy)
                  20010248    00000014                           : strlen.c.obj (.text:strlen)
                  2001025c    00000012     driverlib.a : i2c.obj (.text:I2CMasterControl)
                  2001026e    00000012                 : i2c.obj (.text:I2CMasterTimeoutSet)
                  20010280    00000012                 : timer.obj (.text:TimerIntClear)
                  20010292    00000012     rtsv7M4_T_le_eabi.lib : wcslen.c.obj (.text:wcslen)
                  200102a4    00000010     simplelink.a : driver.obj (.text:_SlDrvDispatchHttpServerEvents)
                  200102b4    0000000e     driverlib.a : i2c.obj (.text:I2CMasterDataGet)
                  200102c2    0000000e     simplelink.a : driver.obj (.text:_SlDrvResetCmdExt)
                  200102d0    0000000e     rtsv7M4_T_le_eabi.lib : copy_decompress_none.c.obj (.text:decompress:none:__TI_decompress_none)
                  200102de    0000000e     startup_ccs.obj (.text)
                  200102ec    0000000c     simplelink.a : cc_pal.obj (.text:NwpMaskInterrupt)
                  200102f8    0000000c                  : cc_pal.obj (.text:NwpUnMaskInterrupt)
                  20010304    0000000c     rtsv7M4_T_le_eabi.lib : s_copysign.c.obj (.text:copysign)
                  20010310    0000000c                           : copy_zero_init.c.obj (.text:decompress:ZI:__TI_zero_init)
                  2001031c    0000000a     driverlib.a : interrupt.obj (.text:IntMasterEnable)
                  20010326    0000000a     rtsv7M4_T_le_eabi.lib : sprintf.c.obj (.text:_outc)
                  20010330    00000008                           : errno.c.obj (.text:__aeabi_errno_addr)
                  20010338    00000008                           : memory.c.obj (.text:malloc)
                  20010340    00000006     driverlib.a : utils.obj (.text:UtilsDelay)
                  20010346    00000004     rtsv7M4_T_le_eabi.lib : printf.c.obj (.text:_outc)
                  2001034a    00000004                           : printf.c.obj (.text:_outs)
                  2001034e    00000004                           : pre_init.c.obj (.text:_system_pre_init)
                  20010352    00000004                           : exit.c.obj (.text:abort:abort)

.const     0    20010358    00000b20     
                  20010358    000004fb     Adafruit_GFX.obj (.const:.string:font)
                  20010853    00000101     rtsv7M4_T_le_eabi.lib : ctype.c.obj (.const:.string:_ctypes_)
                  20010954    00000100     driverlib.a : pin.obj (.const:g_ulPinToPadMap)
                  20010a54    000000d4                 : interrupt.obj (.const:g_pulRegs)
                  20010b28    000000a8                 : prcm.obj (.const:PRCM_PeriphRegsList)
                  20010bd0    0000003c     simplelink.a : driver.obj (.const:OpcodeTranslateTable)
                  20010c0c    00000038                  : driver.obj (.const:_SlActionLookupTable)
                  20010c44    00000030     main.obj (.const:.string)
                  20010c74    0000002c     main.obj (.const:$P$T1$2)
                  20010ca0    00000024     driverlib.a : spi.obj (.const:g_ppulSPIIntMap)
                  20010cc4    00000022     main.obj (.const:.string:$P$T0$1)
                  20010ce6    00000002     --HOLE-- [fill = 0]
                  20010ce8    00000020     simplelink.a : driver.obj (.const:RxMsgClassLUT)
                  20010d08    00000018     driverlib.a : interrupt.obj (.const:g_pulDisRegs)
                  20010d20    00000018                 : interrupt.obj (.const:g_pulEnRegs)
                  20010d38    00000018                 : interrupt.obj (.const:g_pulUnpendRegs)
                  20010d50    00000018                 : spi.obj (.const:g_ulSPIDmaMaskMap)
                  20010d68    00000015     main.obj (.const:.string:$P$T6$7)
                  20010d7d    00000003     --HOLE-- [fill = 0]
                  20010d80    00000014     simplelink.a : driver.obj (.const:$P$T0$1)
                  20010d94    00000014                  : nonos.obj (.const:$P$T0$1)
                  20010da8    00000014     main.obj (.const:$P$T2$3)
                  20010dbc    00000010     simplelink.a : socket.obj (.const:.string:_SlPayloadByProtocolLUT)
                  20010dcc    0000000c     main.obj (.const:$P$T4$5)
                  20010dd8    0000000c     test.obj (.const:.string:$P$T0$1)
                  20010de4    0000000c     main.obj (.const:.string:$P$T3$4)
                  20010df0    0000000a     main.obj (.const:.string:$P$T7$10)
                  20010dfa    00000009     main.obj (.const:.string:$P$T5$6)
                  20010e03    00000008     simplelink.a : device.obj (.const:StartResponseLUT)
                  20010e0b    00000001     --HOLE-- [fill = 0]
                  20010e0c    00000008                  : driver.obj (.const:g_H2NCnysPattern)
                  20010e14    00000008                  : driver.obj (.const:g_H2NSyncPattern)
                  20010e1c    00000005     main.obj (.const:.string:$P$T8$11)
                  20010e21    00000001     --HOLE-- [fill = 0]
                  20010e22    00000004     simplelink.a : wlan.obj (.const:$P$T0$1)
                  20010e26    00000004                  : socket.obj (.const:$P$T2$3)
                  20010e2a    00000004                  : device.obj (.const:_SlDeviceGetCmdCtrl)
                  20010e2e    00000004                  : device.obj (.const:_SlDeviceSetCmdCtrl)
                  20010e32    00000004                  : netapp.obj (.const:_SlGetHostByNameCtrl)
                  20010e36    00000004                  : netapp.obj (.const:_SlNetAppSendTokenValueCmdCtrl)
                  20010e3a    00000004                  : netcfg.obj (.const:_SlNetCfgSetCmdCtrl)
                  20010e3e    00000004                  : wlan.obj (.const:_SlPolicySetCmdCtrl)
                  20010e42    00000004                  : wlan.obj (.const:_SlProfileDelCmdCtrl)
                  20010e46    00000004                  : socket.obj (.const:_SlRecvCmdCtrl)
                  20010e4a    00000004                  : netapp.obj (.const:_SlRegisterServiceCtrl)
                  20010e4e    00000004                  : wlan.obj (.const:_SlRxFilterSetCmdCtrl)
                  20010e52    00000004                  : socket.obj (.const:_SlSendCmdCtrl)
                  20010e56    00000004                  : socket.obj (.const:_SlSetSockOptCmdCtrl)
                  20010e5a    00000004                  : socket.obj (.const:_SlSockCloseCmdCtrl)
                  20010e5e    00000004                  : socket.obj (.const:_SlSockSocketCmdCtrl)
                  20010e62    00000004                  : device.obj (.const:_SlStopCmdCtrl)
                  20010e66    00000004                  : wlan.obj (.const:_SlWlanCfgSetCmdCtrl)
                  20010e6a    00000004                  : wlan.obj (.const:_SlWlanSetModeCmdCtrl)
                  20010e6e    00000002     --HOLE-- [fill = 0]
                  20010e70    00000004                  : driver.obj (.const:httpServer_callbacks)
                  20010e74    00000004                  : driver.obj (.const:netApp_callbacks)

.cinit     0    20010e78    000000d0     
                  20010e78    000000aa     (.cinit..data.load) [load image, compression = lzss]
                  20010f22    00000002     --HOLE-- [fill = 0]
                  20010f24    0000000c     (__TI_handler_table)
                  20010f30    00000008     (.cinit..bss.load) [load image, compression = zero_init]
                  20010f38    00000010     (__TI_cinit_table)

.sysmem    0    20017000    00008000     UNINITIALIZED
                  20017000    00000010     rtsv7M4_T_le_eabi.lib : memory.c.obj (.sysmem)
                  20017010    00007ff0     --HOLE--

.bss       0    2001f000    00000642     UNINITIALIZED
                  2001f000    00000168     simplelink.a : driver.obj (.bss:g_StatMem)
                  2001f168    0000012c     (.common:messageReceived)
                  2001f294    0000012c     (.common:messageToBeSent)
                  2001f3c0    00000120     rtsv7M4_T_le_eabi.lib : trgmsg.c.obj (.bss:_CIOBUF_)
                  2001f4e0    000000a0     (.common:__TI_tmpnams)
                  2001f580    00000050     (.common:g_ucDinDout)
                  2001f5d0    0000002c     (.common:g_time)
                  2001f5fc    00000024     (.common:g_ucConnectionSSID)
                  2001f620    00000008     (.common:g_ucConnectionBSSID)
                  2001f628    00000008     (.common:parmbuf)
                  2001f630    00000004     uart_if.obj (.bss)
                  2001f634    00000004     (.common:drawNow)
                  2001f638    00000004     (.common:ulDummy)
                  2001f63c    00000001     (.common:RxIrqCnt)
                  2001f63d    00000001     (.common:g_bDeviceRestartIsRequired)
                  2001f63e    00000001     (.common:g_cDummy)
                  2001f63f    00000001     (.common:g_ucLED1Pin)
                  2001f640    00000001     (.common:g_ucLED2Pin)
                  2001f641    00000001     (.common:g_ucLED3Pin)

.data      0    2001f644    000002e8     UNINITIALIZED
                  2001f644    000000f0     rtsv7M4_T_le_eabi.lib : defs.c.obj (.data:_ftable)
                  2001f734    00000078                           : host_device.c.obj (.data:_device)
                  2001f7ac    00000050                           : host_device.c.obj (.data:_stream)
                  2001f7fc    0000003c     simplelink.a : nonos.obj (.data:g__SlNonOsCB)
                  2001f838    0000003c     main.obj (.data)
                  2001f874    00000021     main.obj (.data:input)
                  2001f895    00000003     --HOLE--
                  2001f898    00000015     Adafruit_GFX.obj (.data)
                  2001f8ad    00000003     --HOLE--
                  2001f8b0    00000014     gpio_if.obj (.data:ulReg)
                  2001f8c4    00000010     rtsv7M4_T_le_eabi.lib : defs.c.obj (.data)
                  2001f8d4    0000000d     simplelink.a : driver.obj (.data)
                  2001f8e1    00000003     --HOLE--
                  2001f8e4    0000000c     rtsv7M4_T_le_eabi.lib : exit.c.obj (.data:$O1$$)
                  2001f8f0    0000000c     gpio_if.obj (.data)
                  2001f8fc    00000009     simplelink.a : cc_pal.obj (.data)
                  2001f905    00000003     --HOLE--
                  2001f908    00000008     rtsv7M4_T_le_eabi.lib : _lock.c.obj (.data:$O1$$)
                  2001f910    00000008                           : memory.c.obj (.data:$O1$$)
                  2001f918    00000008     main.obj (.data:IR_output)
                  2001f920    00000004     rtsv7M4_T_le_eabi.lib : errno.c.obj (.data)
                  2001f924    00000004                           : rand.c.obj (.data)
                  2001f928    00000004     simplelink.a : driver.obj (.data:wlan_callbacks)

.stack     0    2002f000    00001000     UNINITIALIZED
                  2002f000    00000004     rtsv7M4_T_le_eabi.lib : boot_cortex_m.c.obj (.stack)
                  2002f004    00000ffc     --HOLE--

__llvm_prf_cnts 
*          0    20017000    00000000     UNINITIALIZED

MODULE SUMMARY

       Module                       code    ro data   rw data
       ------                       ----    -------   -------
    .\
       main.obj                     7800    215       793    
       Adafruit_GFX.obj             2688    1275      21     
       test.obj                     2066    12        0      
       Adafruit_OLED.obj            1194    0         4      
       startup_ccs.obj              14      1024      0      
       gpio_if.obj                  920     0         35     
       i2c_if.obj                   672     0         0      
       uart_if.obj                  636     0         4      
       pin_mux_config.obj           340     0         0      
       timer_if.obj                 250     0         0      
       network_common.obj           38      0         0      
    +--+----------------------------+-------+---------+---------+
       Total:                       16618   2526      857    
                                                             
    C:/ti/CC3200SDK_1.5.0/cc3200-sdk/driverlib/ccs/Release/driverlib.a
       prcm.obj                     852     168       0      
       spi.obj                      860     60        0      
       interrupt.obj                608     284       0      
       udma.obj                     604     0         0      
       pin.obj                      328     256       0      
       timer.obj                    552     0         0      
       gpio.obj                     422     0         0      
       i2c.obj                      380     0         0      
       uart.obj                     284     0         0      
       cpu.obj                      20      0         0      
       utils.obj                    6       0         0      
    +--+----------------------------+-------+---------+---------+
       Total:                       4916    768       0      
                                                             
    C:/ti/CC3200SDK_1.5.0/cc3200-sdk/simplelink/ccs/NON_OS/simplelink.a
       driver.obj                   7906    192       379    
       cc_pal.obj                   1820    0         90     
       socket.obj                   1830    40        0      
       netapp.obj                   1572    12        0      
       wlan.obj                     1316    24        0      
       device.obj                   1230    20        0      
       nonos.obj                    416     20        60     
       netcfg.obj                   152     4         0      
    +--+----------------------------+-------+---------+---------+
       Total:                       16242   312       529    
                                                             
    C:\ti\ccs1040\ccs\tools\compiler\ti-cgt-arm_20.2.5.LTS\lib\rtsv7M4_T_le_eabi.lib
       _printfi.c.obj               4835    0         0      
       memory.c.obj                 900     0         8      
       fd_add_t2.asm.obj            438     0         0      
       defs.c.obj                   0       0         416    
       trgmsg.c.obj                 108     0         288    
       fd_div_t2.asm.obj            310     0         0      
       fputs.c.obj                  276     0         0      
       fd_cmp_t2.asm.obj            268     0         0      
       ctype.c.obj                  0       257       0      
       fd_mul_t2.asm.obj            252     0         0      
       setvbuf.c.obj                220     0         0      
       s_scalbn.c.obj               208     0         0      
       host_device.c.obj            0       0         200    
       memcpy_t2.asm.obj            156     0         0      
       ull_div_t2.asm.obj           150     0         0      
       fputc.c.obj                  140     0         0      
       vsnprintf.c.obj              136     0         0      
       memset_t2.asm.obj            122     0         0      
       fclose.c.obj                 116     0         0      
       getdevice.c.obj              116     0         0      
       printf.c.obj                 112     0         0      
       hostrename.c.obj             108     0         0      
       copy_decompress_lzss.c.obj   104     0         0      
       hostlseek.c.obj              104     0         0      
       hostopen.c.obj               96      0         8      
       fseek.c.obj                  100     0         0      
       _io_perm.c.obj               98      0         0      
       sprintf.c.obj                98      0         0      
       close.c.obj                  92      0         0      
       s_frexp.c.obj                92      0         0      
       exit.c.obj                   76      0         12     
       hostread.c.obj               88      0         0      
       hostwrite.c.obj              88      0         0      
       _ltoa.c.obj                  84      0         0      
       atoi.c.obj                   76      0         0      
       fflush.c.obj                 76      0         0      
       fd_toi_t2.asm.obj            72      0         0      
       autoinit.c.obj               68      0         0      
       hostclose.c.obj              68      0         0      
       hostunlink.c.obj             68      0         0      
       rand.c.obj                   52      0         4      
       strncpy.c.obj                54      0         0      
       fopen.c.obj                  52      0         0      
       i_tofd_t2.asm.obj            46      0         0      
       unlink.c.obj                 44      0         0      
       lseek.c.obj                  40      0         0      
       memmov.c.obj                 40      0         0      
       write.c.obj                  40      0         0      
       boot_cortex_m.c.obj          36      0         0      
       memchr.c.obj                 32      0         0      
       strcat.c.obj                 30      0         0      
       memccpy.c.obj                28      0         0      
       strcmp.c.obj                 24      0         0      
       strchr.c.obj                 22      0         0      
       strcpy.c.obj                 20      0         0      
       strlen.c.obj                 20      0         0      
       wcslen.c.obj                 18      0         0      
       copy_decompress_none.c.obj   14      0         0      
       copy_zero_init.c.obj         12      0         0      
       errno.c.obj                  8       0         4      
       s_copysign.c.obj             12      0         0      
       _lock.c.obj                  2       0         8      
       pre_init.c.obj               4       0         0      
       div0.asm.obj                 2       0         0      
    +--+----------------------------+-------+---------+---------+
       Total:                       11171   257       948    
                                                             
       Heap:                        0       0         32768  
       Stack:                       0       0         4096   
       Linker Generated:            0       206       0      
    +--+----------------------------+-------+---------+---------+
       Grand Total:                 48947   4069      39198  


LINKER GENERATED COPY TABLES

__TI_cinit_table @ 20010f38 records: 2, size/record: 8, table size: 16
	.data: load addr=20010e78, load size=000000aa bytes, run addr=2001f644, run size=000002e8 bytes, compression=lzss
	.bss: load addr=20010f30, load size=00000008 bytes, run addr=2001f000, run size=00000642 bytes, compression=zero_init


LINKER GENERATED HANDLER TABLE

__TI_handler_table @ 20010f24 records: 3, size/record: 4, table size: 12
	index: 0, handler: __TI_decompress_lzss
	index: 1, handler: __TI_decompress_none
	index: 2, handler: __TI_zero_init


GLOBAL SYMBOLS: SORTED ALPHABETICALLY BY Name 

address   name                                  
-------   ----                                  
20008575  Adafruit_Init                         
20010353  C$$EXIT                               
2000f5c7  C$$IO$$                               
200101f7  CPUcpsie                              
20005c11  ClearCharAtSender                     
20009291  ClearTerm                             
200086eb  Color565                              
2000fb51  DmaSpiSwIntHandler                    
2000929b  Error                                 
2000f609  GPIODirModeSet                        
2001020b  GPIOIntClear                          
2000ff3d  GPIOIntEnable                         
2000fd69  GPIOIntRegister                       
2000fbe1  GPIOIntStatus                         
2000dae9  GPIOIntTypeSet                        
2001000d  GPIOPinRead                           
2000fc69  GPIOPinWrite                          
20008c59  GPIO_IF_ConfigureNIntEnable           
20008ce5  GPIO_IF_Get                           
20008c13  GPIO_IF_GetPortNPin                   
200089d5  GPIO_IF_LedConfigure                  
20008ac7  GPIO_IF_LedOff                        
20008a13  GPIO_IF_LedOn                         
20008b7b  GPIO_IF_LedStatus                     
20008be5  GPIO_IF_LedToggle                     
20008ca1  GPIO_IF_Set                           
200092d3  GetCmd                                
2000ef91  HOSTclose                             
2000e1d5  HOSTlseek                             
2000e631  HOSTopen                              
2000e869  HOSTread                              
2000e091  HOSTrename                            
2000efd5  HOSTunlink                            
2000e8c1  HOSTwrite                             
2001025d  I2CMasterControl                      
200102b5  I2CMasterDataGet                      
2001015d  I2CMasterDataPut                      
20010173  I2CMasterEnable                       
2000f867  I2CMasterErr                          
2000d9e1  I2CMasterInitExpClk                   
20010189  I2CMasterIntClear                     
20010025  I2CMasterIntEnableEx                  
2000fd87  I2CMasterIntStatusEx                  
2000fc03  I2CMasterSlaveAddrSet                 
2001026f  I2CMasterTimeoutSet                   
20008fbb  I2C_IF_Close                          
20008f5f  I2C_IF_Open                           
20008e5d  I2C_IF_Read                           
20008f19  I2C_IF_ReadFrom                       
20008dad  I2C_IF_Write                          
20009251  InitTerm                              
2000cac5  IntDisable                            
2000cb6d  IntEnable                             
2001031d  IntMasterEnable                       
2000e919  IntPendClear                          
2000ea21  IntPrioritySet                        
2000fc89  IntRegister                           
2000fb75  IntUnregister                         
20010221  IntVTableBaseSet                      
20006069  MasterMain                            
2000926f  Message                               
200102ed  NwpMaskInterrupt                      
2000f561  NwpPowerOff                           
2000f895  NwpPowerOn                            
2000fca9  NwpPrePowerOffTimout0                 
2000f3b9  NwpRegisterInterruptHandler           
200102f9  NwpUnMaskInterrupt                    
20010bd0  OpcodeTranslateTable                  
20006c23  Outstr                                
2000a721  PRCMCC3200MCUInit                     
2001019f  PRCMHIBRegRead                        
200101b5  PRCMHIBRegWrite                       
2000f9c5  PRCMPeripheralClkDisable              
2000f471  PRCMPeripheralClkEnable               
2000d2c1  PRCMPeripheralClockGet                
2000e971  PRCMPeripheralReset                   
2000f675  PRCMPeripheralStatusGet               
2000f8c1  PRCMSysResetCauseGet                  
2000d84d  PinConfigSet                          
2000f239  PinModeSet                            
2000aa09  PinMuxConfig                          
2000f779  PinTypeGPIO                           
2000fe77  PinTypeI2C                            
2000ff57  PinTypeSPI                            
2000ff71  PinTypeUART                           
20005ba5  PrintCharSender                       
20005b4d  PrintMessage                          
20009411  Report                                
200102df  ResetISR                              
2001f63c  RxIrqCnt                              
2001003d  SPICSDisable                          
20010055  SPICSEnable                           
2000ccb9  SPIConfigSetExpClk                    
2000fcc9  SPIDataGet                            
2000fda5  SPIDataPut                            
2001006d  SPIDisable                            
2000ff8b  SPIDmaDisable                         
2000ffa5  SPIDmaEnable                          
20010085  SPIEnable                             
2000ffbf  SPIFIFODisable                        
2000ffd9  SPIFIFOEnable                         
2000f6a9  SPIFIFOLevelSet                       
2000ee71  SPIIntClear                           
2000ec15  SPIIntEnable                          
2000fff3  SPIIntUnregister                      
2000fc25  SPIReset                              
2000fc47  SPIWordCountSet                       
20005b31  SendMessage                           
200045d5  SimpleLinkGeneralEventHandler         
200045b1  SimpleLinkHttpServerCallback          
2000450f  SimpleLinkNetAppEventHandler          
200045f5  SimpleLinkSockEventHandler            
20004401  SimpleLinkWlanEventHandler            
20005a9f  TimerA0IntHandler                     
2000f05d  TimerConfigure                        
2000fdc3  TimerDisable                          
2000fde1  TimerEnable                           
2000fce9  TimerGetCurrentTimestamp              
20010281  TimerIntClear                         
2001009d  TimerIntDisable                       
200100b5  TimerIntEnable                        
2000df41  TimerIntRegister                      
2000fdff  TimerIntStatus                        
2000e23d  TimerIntUnregister                    
2000f971  TimerLoadSet                          
2000f99b  TimerPrescaleSet                      
2000fe93  TimerValueGet                         
2000bb3d  Timer_IF_DeInit                       
2000bb6b  Timer_IF_GetCount                     
2000ba89  Timer_IF_Init                         
2000babb  Timer_IF_IntSetup                     
2000baf9  Timer_IF_InterruptClear               
2000bb57  Timer_IF_ReLoad                       
2000bb11  Timer_IF_Start                        
2000bb2d  Timer_IF_Stop                         
20009379  TrimSpace                             
2000feaf  UARTCharGetNonBlocking                
2000fe1d  UARTCharPut                           
200100cd  UARTCharsAvail                        
2000dde1  UARTConfigSetExpClk                   
2000f7a9  UARTDisable                           
2000fb99  UARTEnable                            
20010341  UtilsDelay                            
20010c0c  _SlActionLookupTable                  
2000cc15  _SlDriverHandleError                  
2000eeb9  _SlDrvBasicCmd                        
2000c8a1  _SlDrvCmdOp                           
2000e0fd  _SlDrvCmdSend                         
2000997d  _SlDrvDataReadOp                      
2000ab5d  _SlDrvDataWriteOp                     
2000ce95  _SlDrvDeviceEventHandler              
200102a5  _SlDrvDispatchHttpServerEvents        
2000b425  _SlDrvDriverCBDeinit                  
2000a0b5  _SlDrvDriverCBInit                    
2000f9ed  _SlDrvGlobalObjUnLock                 
2000f0a1  _SlDrvHandleHttpServerEvents          
2000f279  _SlDrvHandleNetAppEvents              
2000f2b9  _SlDrvHandleWlanEvents                
2000d61d  _SlDrvIsTimeoutExpired                
200101cb  _SlDrvMemZero                         
2000c029  _SlDrvMsgReadSpawnCtx                 
2000b789  _SlDrvNetAppEventHandler              
2000fb05  _SlDrvObjLockWaitForever              
2000fd09  _SlDrvObjUnLock                       
2000ecad  _SlDrvProtectAsyncRespSetting         
2000f919  _SlDrvProtectionObjLockWaitForever    
2000fa15  _SlDrvProtectionObjUnLock             
20009b61  _SlDrvReleasePoolObj                  
200102c3  _SlDrvResetCmdExt                     
2000ea75  _SlDrvRxIrqHandler                    
2000fecb  _SlDrvStartMeasureTimeout             
2000fd29  _SlDrvSyncObjSignal                   
2000fa3d  _SlDrvSyncObjWaitForever              
2000f0e5  _SlDrvSyncObjWaitTimeout              
2000a405  _SlDrvWaitForPoolObj                  
20010e36  _SlNetAppSendTokenValueCmdCtrl        
2000de59  _SlNonOsMainLoopTask                  
2000ca15  _SlNonOsSemGet                        
200100e5  _SlNonOsSemSet                        
2000e375  _SlNonOsSpawn                         
2001f3c0  __CIOBUF_                             
20030000  __STACK_END                           
00001000  __STACK_SIZE                          
00008000  __SYSMEM_SIZE                         
20010f38  __TI_CINIT_Base                       
20010f48  __TI_CINIT_Limit                      
20010f24  __TI_Handler_Table_Base               
20010f30  __TI_Handler_Table_Limit              
2000f129  __TI_auto_init_nobinit_nopinit        
2000f6dd  __TI_cleanup                          
2001f8e4  __TI_cleanup_ptr                      
2000decd  __TI_closefile                        
2000e2a5  __TI_decompress_lzss                  
200102d1  __TI_decompress_none                  
2000ecf9  __TI_doflush                          
2001f8e8  __TI_dtors_ptr                        
2001f8ec  __TI_enable_exit_profile_output       
2001f8c4  __TI_ft_end                           
2000eac9  __TI_ltoa                             
ffffffff  __TI_pprof_out_hndl                   
20006cf9  __TI_printfi                          
ffffffff  __TI_prof_data_size                   
ffffffff  __TI_prof_data_start                  
2000f711  __TI_readmsg                          
20010e78  __TI_static_base__                    
2001f4e0  __TI_tmpnams                          
2000f599  __TI_writemsg                         
2000e5cd  __TI_wrt_ok                           
20010311  __TI_zero_init                        
2000d8d5  __aeabi_cdcmpeq                       
2000d8d5  __aeabi_cdcmple                       
2000d95b  __aeabi_cdrcmple                      
2000ef49  __aeabi_d2iz                          
20009f07  __aeabi_dadd                          
2000b1b9  __aeabi_ddiv                          
2000b98d  __aeabi_dmul                          
20009efd  __aeabi_dsub                          
20010331  __aeabi_errno_addr                    
2000f839  __aeabi_i2d                           
20008997  __aeabi_idiv0                         
20008997  __aeabi_ldiv0                         
2000dced  __aeabi_memclr                        
2000dced  __aeabi_memclr4                       
2000dced  __aeabi_memclr8                       
2000cdf9  __aeabi_memcpy                        
2000cdf9  __aeabi_memcpy4                       
2000cdf9  __aeabi_memcpy8                       
2000dcef  __aeabi_memset                        
2000dcef  __aeabi_memset4                       
2000dcef  __aeabi_memset8                       
2001f8d0  __aeabi_stderr                        
2001f8c8  __aeabi_stdin                         
2001f8cc  __aeabi_stdout                        
2000d229  __aeabi_uldivmod                      
ffffffff  __binit__                             
ffffffff  __c_args__                            
UNDEFED   __mpu_init                            
2002f000  __stack                               
20017000  __start___llvm_prf_cnts               
20017000  __stop___llvm_prf_cnts                
2000fbbd  _c_int00_noargs                       
20010853  _ctypes_                              
2001f734  _device                               
2001f644  _ftable                               
2001f908  _lock                                 
20007f5b  _nop                                  
2000e3d9  _sl_HandleAsync_Accept                
2000db6d  _sl_HandleAsync_Connect               
2000d355  _sl_HandleAsync_DnsGetHostByName      
2000c645  _sl_HandleAsync_DnsGetHostByService   
2000d6a9  _sl_HandleAsync_InitComplete          
2000d3e5  _sl_HandleAsync_PingResponse          
2000eb1d  _sl_HandleAsync_Select                
2000ebc5  _sl_HandleAsync_Stop                  
2000e169  _sl_NetAppSendTokenValue              
2001f7ac  _stream                               
20017000  _sys_memory                           
UNDEFED   _system_post_cinit                    
2001034f  _system_pre_init                      
2001f90c  _unlock                               
20010353  abort                                 
2000b88d  aligned_alloc                         
2000ed91  atoi                                  
ffffffff  binit                                 
2001f868  char_position                         
20005c89  checkCollision                        
2000e7b1  close                                 
20010305  copysign                              
20010305  copysignl                             
2001f85c  counter                               
2001f898  cursor_x                              
2001f89c  cursor_y                              
2001f84c  cycle                                 
2001f850  cycle_tap                             
20005475  decoder                               
20007845  delay                                 
200059b5  display                               
20006ad7  drawChar                              
20006279  drawCircle                            
200063ad  drawCircleHelper                      
200088a1  drawFastHLine                         
20008805  drawFastVLine                         
200065f3  drawLine                              
2001f634  drawNow                               
2000893d  drawPixel                             
200066df  drawRect                              
2000672d  drawRoundRect                         
20006895  drawTriangle                          
2001f920  errno                                 
2000ef01  exit                                  
200064cb  fillCircle                            
20006505  fillCircleHelper                      
20008743  fillRect                              
2000681b  fillRoundRect                         
2000872d  fillScreen                            
200068d7  fillTriangle                          
2000f809  finddevice                            
2000d735  fputc                                 
2000b675  fputs                                 
2000c111  free                                  
2000e80d  frexp                                 
2000e80d  frexpl                                
2000e43d  fseek                                 
2001f844  g_Host                                
2001f8d4  g_SlDeviceStatus                      
2001f8fc  g_SpiFd                               
2001f7fc  g__SlNonOsCB                          
2001f63d  g_bDeviceRestartIsRequired            
2001f63e  g_cDummy                              
2001f8d8  g_pCB                                 
2001f900  g_pHostIntHdl                         
20004000  g_pfnVectors                          
2001f5d0  g_time                                
2001f620  g_ucConnectionBSSID                   
2001f5fc  g_ucConnectionSSID                    
2001f904  g_ucDMAEnabled                        
2001f580  g_ucDinDout                           
2001f63f  g_ucLED1Pin                           
2001f640  g_ucLED2Pin                           
2001f641  g_ucLED3Pin                           
2001f8f0  g_uiLED1Port                          
2001f8f4  g_uiLED2Port                          
2001f8f8  g_uiLED3Port                          
2001f840  g_ulGatewayIP                         
2001f83c  g_ulPingPacketsRecv                   
2001f838  g_ulStatus                            
20005e7b  game                                  
20005c55  getRandomNumber                       
2000f1b1  getdevice                             
200086a7  goTo                                  
20006cd7  height                                
2001f874  input                                 
2000897b  invert                                
20007dbb  lcdTestPattern                        
20007e8b  lcdTestPattern2                       
2000c575  ldexp                                 
2000c575  ldexpl                                
2000fa8d  lseek                                 
200060b9  main                                  
20010339  malloc                                
2000b88d  memalign                              
2000ff05  memccpy                               
2000fd49  memchr                                
2000cdf9  memcpy                                
2000fab5  memmove                               
2000dcf5  memset                                
2001f168  messageReceived                       
2001f294  messageToBeSent                       
2000589b  multi_tap                             
2001f8dc  pPingCallBackFunc                     
2001f628  parmbuf                               
20007749  printChar                             
200077a1  printDigit                            
20004fbd  printErrConvenience                   
20005db1  printGameOver                         
20005e21  printSentence                         
2000e30d  printf                                
2000d735  putc                                  
2000f745  rand                                  
2000c1f5  realloc                               
2000f945  remove                                
2001f858  reset_var                             
2000c575  scalbn                                
2000c575  scalbnl                               
2001f848  score                                 
20006c6f  setCursor                             
20006ca7  setTextColor                          
20006c87  setTextSize                           
20006cbf  setTextWrap                           
2000c499  setvbuf                               
2000f4ad  simplelink_timerA2_start              
2000e691  sl_Close                              
2000a595  sl_Connect                            
2000c711  sl_DevGet                             
2000cf31  sl_DevSet                             
2000f1f5  sl_Htonl                              
2000f4e9  sl_Htons                              
2000af39  sl_NetAppDnsGetHostByName             
2000c2d9  sl_NetAppMDNSRegisterUnregisterService
2000e4a1  sl_NetAppMDNSUnRegisterService        
2000cfc9  sl_NetCfgSet                          
2000fb2b  sl_Provisioning_HttpServerEventHdl    
2000fb39  sl_Provisioning_NetAppEventHdl        
2000fb45  sl_Provisioning_WlanEventHdl          
2000cd59  sl_Recv                               
2000b2f1  sl_Send                               
2000d061  sl_SetSockOpt                         
2000d7c1  sl_Socket                             
2000be55  sl_Start                              
2000bb85  sl_Stop                               
20008fd1  sl_WlanConnect                        
2000f5d1  sl_WlanDisconnect                     
2000d475  sl_WlanPolicySet                      
2000e6f1  sl_WlanProfileDel                     
2000da65  sl_WlanRxFilterSet                    
2000d0f9  sl_WlanSet                            
2000e751  sl_WlanSetMode                        
2000dd69  spi_Close                             
2000acad  spi_Open                              
2000bc75  spi_Read                              
2000d191  spi_Write                             
2000f339  sprintf                               
2000fe59  strcat                                
200101e1  strchr                                
20010145  strcmp                                
20010235  strcpy                                
20010249  strlen                                
2000f63f  strncpy                               
2001f854  tap_counter                           
2001f860  temp                                  
2001f864  temp_tap                              
200077df  testHelloWorld                        
20007a7b  testdrawcircles                       
200078eb  testdrawrects                         
20007879  testfastlines                         
20007a09  testfillcircles                       
2000794b  testfillrects                         
20005d03  testfillrects_ball                    
20007bed  testlines                             
20007b7b  testroundrects                        
20007af9  testtriangles                         
2001f8a8  textbgcolor                           
2001f8a4  textcolor                             
2001f8a0  textsize                              
2000eddd  uDMAChannelAssign                     
2000e505  uDMAChannelAttributeDisable           
2000e569  uDMAChannelAttributeEnable            
2000f525  uDMAChannelControlSet                 
2000ff21  uDMAChannelEnable                     
2000bd65  uDMAChannelTransferSet                
2001f638  ulDummy                               
2000f945  unlink                                
2000f379  vsnprintf                             
20010293  wcslen                                
20006cd3  width                                 
2001f8ac  wrap                                  
2000fadd  write                                 
200084ed  writeCommand                          
20008531  writeData                             


GLOBAL SYMBOLS: SORTED BY Symbol Address 

address   name                                  
-------   ----                                  
00001000  __STACK_SIZE                          
00008000  __SYSMEM_SIZE                         
20004000  g_pfnVectors                          
20004401  SimpleLinkWlanEventHandler            
2000450f  SimpleLinkNetAppEventHandler          
200045b1  SimpleLinkHttpServerCallback          
200045d5  SimpleLinkGeneralEventHandler         
200045f5  SimpleLinkSockEventHandler            
20004fbd  printErrConvenience                   
20005475  decoder                               
2000589b  multi_tap                             
200059b5  display                               
20005a9f  TimerA0IntHandler                     
20005b31  SendMessage                           
20005b4d  PrintMessage                          
20005ba5  PrintCharSender                       
20005c11  ClearCharAtSender                     
20005c55  getRandomNumber                       
20005c89  checkCollision                        
20005d03  testfillrects_ball                    
20005db1  printGameOver                         
20005e21  printSentence                         
20005e7b  game                                  
20006069  MasterMain                            
200060b9  main                                  
20006279  drawCircle                            
200063ad  drawCircleHelper                      
200064cb  fillCircle                            
20006505  fillCircleHelper                      
200065f3  drawLine                              
200066df  drawRect                              
2000672d  drawRoundRect                         
2000681b  fillRoundRect                         
20006895  drawTriangle                          
200068d7  fillTriangle                          
20006ad7  drawChar                              
20006c23  Outstr                                
20006c6f  setCursor                             
20006c87  setTextSize                           
20006ca7  setTextColor                          
20006cbf  setTextWrap                           
20006cd3  width                                 
20006cd7  height                                
20006cf9  __TI_printfi                          
20007749  printChar                             
200077a1  printDigit                            
200077df  testHelloWorld                        
20007845  delay                                 
20007879  testfastlines                         
200078eb  testdrawrects                         
2000794b  testfillrects                         
20007a09  testfillcircles                       
20007a7b  testdrawcircles                       
20007af9  testtriangles                         
20007b7b  testroundrects                        
20007bed  testlines                             
20007dbb  lcdTestPattern                        
20007e8b  lcdTestPattern2                       
20007f5b  _nop                                  
200084ed  writeCommand                          
20008531  writeData                             
20008575  Adafruit_Init                         
200086a7  goTo                                  
200086eb  Color565                              
2000872d  fillScreen                            
20008743  fillRect                              
20008805  drawFastVLine                         
200088a1  drawFastHLine                         
2000893d  drawPixel                             
2000897b  invert                                
20008997  __aeabi_idiv0                         
20008997  __aeabi_ldiv0                         
200089d5  GPIO_IF_LedConfigure                  
20008a13  GPIO_IF_LedOn                         
20008ac7  GPIO_IF_LedOff                        
20008b7b  GPIO_IF_LedStatus                     
20008be5  GPIO_IF_LedToggle                     
20008c13  GPIO_IF_GetPortNPin                   
20008c59  GPIO_IF_ConfigureNIntEnable           
20008ca1  GPIO_IF_Set                           
20008ce5  GPIO_IF_Get                           
20008dad  I2C_IF_Write                          
20008e5d  I2C_IF_Read                           
20008f19  I2C_IF_ReadFrom                       
20008f5f  I2C_IF_Open                           
20008fbb  I2C_IF_Close                          
20008fd1  sl_WlanConnect                        
20009251  InitTerm                              
2000926f  Message                               
20009291  ClearTerm                             
2000929b  Error                                 
200092d3  GetCmd                                
20009379  TrimSpace                             
20009411  Report                                
2000997d  _SlDrvDataReadOp                      
20009b61  _SlDrvReleasePoolObj                  
20009efd  __aeabi_dsub                          
20009f07  __aeabi_dadd                          
2000a0b5  _SlDrvDriverCBInit                    
2000a405  _SlDrvWaitForPoolObj                  
2000a595  sl_Connect                            
2000a721  PRCMCC3200MCUInit                     
2000aa09  PinMuxConfig                          
2000ab5d  _SlDrvDataWriteOp                     
2000acad  spi_Open                              
2000af39  sl_NetAppDnsGetHostByName             
2000b1b9  __aeabi_ddiv                          
2000b2f1  sl_Send                               
2000b425  _SlDrvDriverCBDeinit                  
2000b675  fputs                                 
2000b789  _SlDrvNetAppEventHandler              
2000b88d  aligned_alloc                         
2000b88d  memalign                              
2000b98d  __aeabi_dmul                          
2000ba89  Timer_IF_Init                         
2000babb  Timer_IF_IntSetup                     
2000baf9  Timer_IF_InterruptClear               
2000bb11  Timer_IF_Start                        
2000bb2d  Timer_IF_Stop                         
2000bb3d  Timer_IF_DeInit                       
2000bb57  Timer_IF_ReLoad                       
2000bb6b  Timer_IF_GetCount                     
2000bb85  sl_Stop                               
2000bc75  spi_Read                              
2000bd65  uDMAChannelTransferSet                
2000be55  sl_Start                              
2000c029  _SlDrvMsgReadSpawnCtx                 
2000c111  free                                  
2000c1f5  realloc                               
2000c2d9  sl_NetAppMDNSRegisterUnregisterService
2000c499  setvbuf                               
2000c575  ldexp                                 
2000c575  ldexpl                                
2000c575  scalbn                                
2000c575  scalbnl                               
2000c645  _sl_HandleAsync_DnsGetHostByService   
2000c711  sl_DevGet                             
2000c8a1  _SlDrvCmdOp                           
2000ca15  _SlNonOsSemGet                        
2000cac5  IntDisable                            
2000cb6d  IntEnable                             
2000cc15  _SlDriverHandleError                  
2000ccb9  SPIConfigSetExpClk                    
2000cd59  sl_Recv                               
2000cdf9  __aeabi_memcpy                        
2000cdf9  __aeabi_memcpy4                       
2000cdf9  __aeabi_memcpy8                       
2000cdf9  memcpy                                
2000ce95  _SlDrvDeviceEventHandler              
2000cf31  sl_DevSet                             
2000cfc9  sl_NetCfgSet                          
2000d061  sl_SetSockOpt                         
2000d0f9  sl_WlanSet                            
2000d191  spi_Write                             
2000d229  __aeabi_uldivmod                      
2000d2c1  PRCMPeripheralClockGet                
2000d355  _sl_HandleAsync_DnsGetHostByName      
2000d3e5  _sl_HandleAsync_PingResponse          
2000d475  sl_WlanPolicySet                      
2000d61d  _SlDrvIsTimeoutExpired                
2000d6a9  _sl_HandleAsync_InitComplete          
2000d735  fputc                                 
2000d735  putc                                  
2000d7c1  sl_Socket                             
2000d84d  PinConfigSet                          
2000d8d5  __aeabi_cdcmpeq                       
2000d8d5  __aeabi_cdcmple                       
2000d95b  __aeabi_cdrcmple                      
2000d9e1  I2CMasterInitExpClk                   
2000da65  sl_WlanRxFilterSet                    
2000dae9  GPIOIntTypeSet                        
2000db6d  _sl_HandleAsync_Connect               
2000dced  __aeabi_memclr                        
2000dced  __aeabi_memclr4                       
2000dced  __aeabi_memclr8                       
2000dcef  __aeabi_memset                        
2000dcef  __aeabi_memset4                       
2000dcef  __aeabi_memset8                       
2000dcf5  memset                                
2000dd69  spi_Close                             
2000dde1  UARTConfigSetExpClk                   
2000de59  _SlNonOsMainLoopTask                  
2000decd  __TI_closefile                        
2000df41  TimerIntRegister                      
2000e091  HOSTrename                            
2000e0fd  _SlDrvCmdSend                         
2000e169  _sl_NetAppSendTokenValue              
2000e1d5  HOSTlseek                             
2000e23d  TimerIntUnregister                    
2000e2a5  __TI_decompress_lzss                  
2000e30d  printf                                
2000e375  _SlNonOsSpawn                         
2000e3d9  _sl_HandleAsync_Accept                
2000e43d  fseek                                 
2000e4a1  sl_NetAppMDNSUnRegisterService        
2000e505  uDMAChannelAttributeDisable           
2000e569  uDMAChannelAttributeEnable            
2000e5cd  __TI_wrt_ok                           
2000e631  HOSTopen                              
2000e691  sl_Close                              
2000e6f1  sl_WlanProfileDel                     
2000e751  sl_WlanSetMode                        
2000e7b1  close                                 
2000e80d  frexp                                 
2000e80d  frexpl                                
2000e869  HOSTread                              
2000e8c1  HOSTwrite                             
2000e919  IntPendClear                          
2000e971  PRCMPeripheralReset                   
2000ea21  IntPrioritySet                        
2000ea75  _SlDrvRxIrqHandler                    
2000eac9  __TI_ltoa                             
2000eb1d  _sl_HandleAsync_Select                
2000ebc5  _sl_HandleAsync_Stop                  
2000ec15  SPIIntEnable                          
2000ecad  _SlDrvProtectAsyncRespSetting         
2000ecf9  __TI_doflush                          
2000ed91  atoi                                  
2000eddd  uDMAChannelAssign                     
2000ee71  SPIIntClear                           
2000eeb9  _SlDrvBasicCmd                        
2000ef01  exit                                  
2000ef49  __aeabi_d2iz                          
2000ef91  HOSTclose                             
2000efd5  HOSTunlink                            
2000f05d  TimerConfigure                        
2000f0a1  _SlDrvHandleHttpServerEvents          
2000f0e5  _SlDrvSyncObjWaitTimeout              
2000f129  __TI_auto_init_nobinit_nopinit        
2000f1b1  getdevice                             
2000f1f5  sl_Htonl                              
2000f239  PinModeSet                            
2000f279  _SlDrvHandleNetAppEvents              
2000f2b9  _SlDrvHandleWlanEvents                
2000f339  sprintf                               
2000f379  vsnprintf                             
2000f3b9  NwpRegisterInterruptHandler           
2000f471  PRCMPeripheralClkEnable               
2000f4ad  simplelink_timerA2_start              
2000f4e9  sl_Htons                              
2000f525  uDMAChannelControlSet                 
2000f561  NwpPowerOff                           
2000f599  __TI_writemsg                         
2000f5c7  C$$IO$$                               
2000f5d1  sl_WlanDisconnect                     
2000f609  GPIODirModeSet                        
2000f63f  strncpy                               
2000f675  PRCMPeripheralStatusGet               
2000f6a9  SPIFIFOLevelSet                       
2000f6dd  __TI_cleanup                          
2000f711  __TI_readmsg                          
2000f745  rand                                  
2000f779  PinTypeGPIO                           
2000f7a9  UARTDisable                           
2000f809  finddevice                            
2000f839  __aeabi_i2d                           
2000f867  I2CMasterErr                          
2000f895  NwpPowerOn                            
2000f8c1  PRCMSysResetCauseGet                  
2000f919  _SlDrvProtectionObjLockWaitForever    
2000f945  remove                                
2000f945  unlink                                
2000f971  TimerLoadSet                          
2000f99b  TimerPrescaleSet                      
2000f9c5  PRCMPeripheralClkDisable              
2000f9ed  _SlDrvGlobalObjUnLock                 
2000fa15  _SlDrvProtectionObjUnLock             
2000fa3d  _SlDrvSyncObjWaitForever              
2000fa8d  lseek                                 
2000fab5  memmove                               
2000fadd  write                                 
2000fb05  _SlDrvObjLockWaitForever              
2000fb2b  sl_Provisioning_HttpServerEventHdl    
2000fb39  sl_Provisioning_NetAppEventHdl        
2000fb45  sl_Provisioning_WlanEventHdl          
2000fb51  DmaSpiSwIntHandler                    
2000fb75  IntUnregister                         
2000fb99  UARTEnable                            
2000fbbd  _c_int00_noargs                       
2000fbe1  GPIOIntStatus                         
2000fc03  I2CMasterSlaveAddrSet                 
2000fc25  SPIReset                              
2000fc47  SPIWordCountSet                       
2000fc69  GPIOPinWrite                          
2000fc89  IntRegister                           
2000fca9  NwpPrePowerOffTimout0                 
2000fcc9  SPIDataGet                            
2000fce9  TimerGetCurrentTimestamp              
2000fd09  _SlDrvObjUnLock                       
2000fd29  _SlDrvSyncObjSignal                   
2000fd49  memchr                                
2000fd69  GPIOIntRegister                       
2000fd87  I2CMasterIntStatusEx                  
2000fda5  SPIDataPut                            
2000fdc3  TimerDisable                          
2000fde1  TimerEnable                           
2000fdff  TimerIntStatus                        
2000fe1d  UARTCharPut                           
2000fe59  strcat                                
2000fe77  PinTypeI2C                            
2000fe93  TimerValueGet                         
2000feaf  UARTCharGetNonBlocking                
2000fecb  _SlDrvStartMeasureTimeout             
2000ff05  memccpy                               
2000ff21  uDMAChannelEnable                     
2000ff3d  GPIOIntEnable                         
2000ff57  PinTypeSPI                            
2000ff71  PinTypeUART                           
2000ff8b  SPIDmaDisable                         
2000ffa5  SPIDmaEnable                          
2000ffbf  SPIFIFODisable                        
2000ffd9  SPIFIFOEnable                         
2000fff3  SPIIntUnregister                      
2001000d  GPIOPinRead                           
20010025  I2CMasterIntEnableEx                  
2001003d  SPICSDisable                          
20010055  SPICSEnable                           
2001006d  SPIDisable                            
20010085  SPIEnable                             
2001009d  TimerIntDisable                       
200100b5  TimerIntEnable                        
200100cd  UARTCharsAvail                        
200100e5  _SlNonOsSemSet                        
20010145  strcmp                                
2001015d  I2CMasterDataPut                      
20010173  I2CMasterEnable                       
20010189  I2CMasterIntClear                     
2001019f  PRCMHIBRegRead                        
200101b5  PRCMHIBRegWrite                       
200101cb  _SlDrvMemZero                         
200101e1  strchr                                
200101f7  CPUcpsie                              
2001020b  GPIOIntClear                          
20010221  IntVTableBaseSet                      
20010235  strcpy                                
20010249  strlen                                
2001025d  I2CMasterControl                      
2001026f  I2CMasterTimeoutSet                   
20010281  TimerIntClear                         
20010293  wcslen                                
200102a5  _SlDrvDispatchHttpServerEvents        
200102b5  I2CMasterDataGet                      
200102c3  _SlDrvResetCmdExt                     
200102d1  __TI_decompress_none                  
200102df  ResetISR                              
200102ed  NwpMaskInterrupt                      
200102f9  NwpUnMaskInterrupt                    
20010305  copysign                              
20010305  copysignl                             
20010311  __TI_zero_init                        
2001031d  IntMasterEnable                       
20010331  __aeabi_errno_addr                    
20010339  malloc                                
20010341  UtilsDelay                            
2001034f  _system_pre_init                      
20010353  C$$EXIT                               
20010353  abort                                 
20010853  _ctypes_                              
20010bd0  OpcodeTranslateTable                  
20010c0c  _SlActionLookupTable                  
20010e36  _SlNetAppSendTokenValueCmdCtrl        
20010e78  __TI_static_base__                    
20010f24  __TI_Handler_Table_Base               
20010f30  __TI_Handler_Table_Limit              
20010f38  __TI_CINIT_Base                       
20010f48  __TI_CINIT_Limit                      
20017000  __start___llvm_prf_cnts               
20017000  __stop___llvm_prf_cnts                
20017000  _sys_memory                           
2001f168  messageReceived                       
2001f294  messageToBeSent                       
2001f3c0  __CIOBUF_                             
2001f4e0  __TI_tmpnams                          
2001f580  g_ucDinDout                           
2001f5d0  g_time                                
2001f5fc  g_ucConnectionSSID                    
2001f620  g_ucConnectionBSSID                   
2001f628  parmbuf                               
2001f634  drawNow                               
2001f638  ulDummy                               
2001f63c  RxIrqCnt                              
2001f63d  g_bDeviceRestartIsRequired            
2001f63e  g_cDummy                              
2001f63f  g_ucLED1Pin                           
2001f640  g_ucLED2Pin                           
2001f641  g_ucLED3Pin                           
2001f644  _ftable                               
2001f734  _device                               
2001f7ac  _stream                               
2001f7fc  g__SlNonOsCB                          
2001f838  g_ulStatus                            
2001f83c  g_ulPingPacketsRecv                   
2001f840  g_ulGatewayIP                         
2001f844  g_Host                                
2001f848  score                                 
2001f84c  cycle                                 
2001f850  cycle_tap                             
2001f854  tap_counter                           
2001f858  reset_var                             
2001f85c  counter                               
2001f860  temp                                  
2001f864  temp_tap                              
2001f868  char_position                         
2001f874  input                                 
2001f898  cursor_x                              
2001f89c  cursor_y                              
2001f8a0  textsize                              
2001f8a4  textcolor                             
2001f8a8  textbgcolor                           
2001f8ac  wrap                                  
2001f8c4  __TI_ft_end                           
2001f8c8  __aeabi_stdin                         
2001f8cc  __aeabi_stdout                        
2001f8d0  __aeabi_stderr                        
2001f8d4  g_SlDeviceStatus                      
2001f8d8  g_pCB                                 
2001f8dc  pPingCallBackFunc                     
2001f8e4  __TI_cleanup_ptr                      
2001f8e8  __TI_dtors_ptr                        
2001f8ec  __TI_enable_exit_profile_output       
2001f8f0  g_uiLED1Port                          
2001f8f4  g_uiLED2Port                          
2001f8f8  g_uiLED3Port                          
2001f8fc  g_SpiFd                               
2001f900  g_pHostIntHdl                         
2001f904  g_ucDMAEnabled                        
2001f908  _lock                                 
2001f90c  _unlock                               
2001f920  errno                                 
2002f000  __stack                               
20030000  __STACK_END                           
ffffffff  __TI_pprof_out_hndl                   
ffffffff  __TI_prof_data_size                   
ffffffff  __TI_prof_data_start                  
ffffffff  __binit__                             
ffffffff  __c_args__                            
ffffffff  binit                                 
UNDEFED   __mpu_init                            
UNDEFED   _system_post_cinit                    

[439 symbols]
